// Jest Snapshot v1, https://goo.gl/fbAQLP

exports[`Directions Marks a sprite when it wants to move 1`] = `
[
  [
    [
      "STATIONARY Background",
      "RIGHT Player",
    ],
    [
      "STATIONARY Background",
    ],
  ],
]
`;
