// Jest Snapshot v1, https://goo.gl/fbAQLP

exports[`Rule simplifier converts VERTICAL and HORIZONTAL at the beginning of a rule into 2 rules 1`] = `
[
  [
    [
      "STATIONARY Background",
      "STATIONARY SimpleWall",
    ],
    [
      "STATIONARY Background",
      "STATIONARY PrettyHorizWall",
    ],
    [
      "STATIONARY Background",
      "STATIONARY PrettyHorizWall",
    ],
    [
      "STATIONARY Background",
      "STATIONARY SimpleWall",
    ],
  ],
  [
    [
      "STATIONARY Background",
      "STATIONARY PrettyVertWall",
    ],
    [
      "STATIONARY Background",
    ],
    [
      "STATIONARY Background",
    ],
    [
      "STATIONARY Background",
      "STATIONARY PrettyVertWall",
    ],
  ],
  [
    [
      "STATIONARY Background",
      "STATIONARY PrettyVertWall",
    ],
    [
      "STATIONARY Background",
    ],
    [
      "STATIONARY Background",
    ],
    [
      "STATIONARY Background",
      "STATIONARY PrettyVertWall",
    ],
  ],
  [
    [
      "STATIONARY Background",
      "STATIONARY SimpleWall",
    ],
    [
      "STATIONARY Background",
      "STATIONARY PrettyHorizWall",
    ],
    [
      "STATIONARY Background",
      "STATIONARY PrettyHorizWall",
    ],
    [
      "STATIONARY Background",
      "STATIONARY SimpleWall",
    ],
  ],
]
`;

exports[`Rule simplifier expands MOVING in multiple brackets into simple UP DOWN LEFT RIGHT ACTION rules 1`] = `
[
  [
    [
      "STATIONARY Background",
    ],
    [
      "STATIONARY Background",
      "STATIONARY Player",
    ],
    [
      "STATIONARY Background",
    ],
  ],
  [
    [
      "STATIONARY Background",
    ],
    [
      "STATIONARY Background",
      "STATIONARY Shadow",
    ],
    [
      "STATIONARY Background",
    ],
  ],
]
`;

exports[`Rule simplifier expands MOVING into simple UP DOWN LEFT RIGHT ACTION rules 1`] = `
[
  [
    [
      "STATIONARY Background",
    ],
    [
      "STATIONARY Background",
      "STATIONARY Player",
    ],
    [
      "STATIONARY Background",
    ],
  ],
  [
    [
      "STATIONARY Background",
    ],
    [
      "STATIONARY Background",
      "STATIONARY Shadow",
    ],
    [
      "STATIONARY Background",
    ],
  ],
]
`;
